// Jest Snapshot v1, https://goo.gl/fbAQLP

exports[`valid skin (TopazAmp) 1`] = `
Array [
  Object {
    "row": Object {
      "file_date": "Tue Jul 20 1999 19:23:28 GMT-0700 (Pacific Daylight Time)",
      "file_md5": "fbee37aa8e23945860c1e58cd6b8a80c",
      "file_name": "Balance.bmp",
      "id": 7,
      "is_directory": 0,
      "skin_md5": "a_fake_md5",
      "text_content": null,
      "uncompressed_size": null,
    },
  },
  Object {
    "row": Object {
      "file_date": "Sat Jul 17 1999 14:14:00 GMT-0700 (Pacific Daylight Time)",
      "file_md5": "c6005d7d77f3ff78b57749f569582161",
      "file_name": "Cbuttons.bmp",
      "id": 12,
      "is_directory": 0,
      "skin_md5": "a_fake_md5",
      "text_content": null,
      "uncompressed_size": null,
    },
  },
  Object {
    "row": Object {
      "file_date": "Tue Jul 27 1999 04:15:54 GMT-0700 (Pacific Daylight Time)",
      "file_md5": "fdb3aee2834b78d87f760962d969779b",
      "file_name": "Eqmain.bmp",
      "id": 3,
      "is_directory": 0,
      "skin_md5": "a_fake_md5",
      "text_content": null,
      "uncompressed_size": null,
    },
  },
  Object {
    "row": Object {
      "file_date": "Tue Jul 27 1999 04:05:56 GMT-0700 (Pacific Daylight Time)",
      "file_md5": "c0d761d8f3363b13f99b4e691787a8eb",
      "file_name": "Main.bmp",
      "id": 5,
      "is_directory": 0,
      "skin_md5": "a_fake_md5",
      "text_content": null,
      "uncompressed_size": null,
    },
  },
  Object {
    "row": Object {
      "file_date": "Sat Jul 17 1999 14:14:18 GMT-0700 (Pacific Daylight Time)",
      "file_md5": "96040c73c8f4a0a8bda59be8f5cf0bef",
      "file_name": "Monoster.bmp",
      "id": 9,
      "is_directory": 0,
      "skin_md5": "a_fake_md5",
      "text_content": null,
      "uncompressed_size": null,
    },
  },
  Object {
    "row": Object {
      "file_date": "Sat Jul 17 1999 14:14:12 GMT-0700 (Pacific Daylight Time)",
      "file_md5": "0ad5b85bb51123c70e13b227eb689d3c",
      "file_name": "Playpaus.bmp",
      "id": 11,
      "is_directory": 0,
      "skin_md5": "a_fake_md5",
      "text_content": null,
      "uncompressed_size": null,
    },
  },
  Object {
    "row": Object {
      "file_date": "Sat Jul 24 1999 08:33:22 GMT-0700 (Pacific Daylight Time)",
      "file_md5": "44faaa170461ca54203124892d697654",
      "file_name": "Pledit.bmp",
      "id": 6,
      "is_directory": 0,
      "skin_md5": "a_fake_md5",
      "text_content": null,
      "uncompressed_size": null,
    },
  },
  Object {
    "row": Object {
      "file_date": "Sat Jul 17 1999 14:13:56 GMT-0700 (Pacific Daylight Time)",
      "file_md5": "d7e938bdec0aa7490977450d7162446e",
      "file_name": "Posbar.bmp",
      "id": 13,
      "is_directory": 0,
      "skin_md5": "a_fake_md5",
      "text_content": null,
      "uncompressed_size": null,
    },
  },
  Object {
    "row": Object {
      "file_date": "Sat Jul 17 1999 14:13:46 GMT-0700 (Pacific Daylight Time)",
      "file_md5": "9d12fcaf2bad4fdf9f75c00554a051c2",
      "file_name": "Shufrep.bmp",
      "id": 15,
      "is_directory": 0,
      "skin_md5": "a_fake_md5",
      "text_content": null,
      "uncompressed_size": null,
    },
  },
  Object {
    "row": Object {
      "file_date": "Sat Jul 17 1999 14:13:52 GMT-0700 (Pacific Daylight Time)",
      "file_md5": "7a08e36a3f7607dff03fb54b9cc95621",
      "file_name": "Text.bmp",
      "id": 14,
      "is_directory": 0,
      "skin_md5": "a_fake_md5",
      "text_content": null,
      "uncompressed_size": null,
    },
  },
  Object {
    "row": Object {
      "file_date": "Tue Jul 27 1999 04:18:58 GMT-0700 (Pacific Daylight Time)",
      "file_md5": "2d58324dece68707e973ee5f4f072f7a",
      "file_name": "Titlebar.bmp",
      "id": 2,
      "is_directory": 0,
      "skin_md5": "a_fake_md5",
      "text_content": null,
      "uncompressed_size": null,
    },
  },
  Object {
    "row": Object {
      "file_date": "Tue Jul 27 1999 04:10:20 GMT-0700 (Pacific Daylight Time)",
      "file_md5": "890df1888deb6e37ad34077d6e433a1e",
      "file_name": "eq_ex.bmp",
      "id": 4,
      "is_directory": 0,
      "skin_md5": "a_fake_md5",
      "text_content": null,
      "uncompressed_size": null,
    },
  },
  Object {
    "row": Object {
      "file_date": "Sat Jul 17 1999 14:13:28 GMT-0700 (Pacific Daylight Time)",
      "file_md5": "c3f72ef137c58ae52e825e41a2129ca8",
      "file_name": "mb.bmp",
      "id": 16,
      "is_directory": 0,
      "skin_md5": "a_fake_md5",
      "text_content": null,
      "uncompressed_size": null,
    },
  },
  Object {
    "row": Object {
      "file_date": "Sat Jul 17 1999 14:14:20 GMT-0700 (Pacific Daylight Time)",
      "file_md5": "c9ef2c8a717f354c6dccf839de4237d2",
      "file_name": "numbers.bmp",
      "id": 8,
      "is_directory": 0,
      "skin_md5": "a_fake_md5",
      "text_content": null,
      "uncompressed_size": null,
    },
  },
  Object {
    "row": Object {
      "file_date": "Sat Jul 17 1999 14:14:14 GMT-0700 (Pacific Daylight Time)",
      "file_md5": "654653f2114144a2c079f4edfd58b5e1",
      "file_name": "nums_ex.bmp",
      "id": 10,
      "is_directory": 0,
      "skin_md5": "a_fake_md5",
      "text_content": null,
      "uncompressed_size": null,
    },
  },
  Object {
    "row": Object {
      "file_date": "Sat Jul 17 1999 09:58:44 GMT-0700 (Pacific Daylight Time)",
      "file_md5": "c378b0acc505489f07adeabe9e6f3cff",
      "file_name": "pledit.txt",
      "id": 18,
      "is_directory": 0,
      "skin_md5": "a_fake_md5",
      "text_content": null,
      "uncompressed_size": null,
    },
  },
  Object {
    "row": Object {
      "file_date": "Tue Jul 27 1999 04:27:56 GMT-0700 (Pacific Daylight Time)",
      "file_md5": "baf5a61397990b5fbf5cafeadf5e5acb",
      "file_name": "readme.txt",
      "id": 1,
      "is_directory": 0,
      "skin_md5": "a_fake_md5",
      "text_content": null,
      "uncompressed_size": null,
    },
  },
  Object {
    "row": Object {
      "file_date": "Sat Jul 17 1999 09:52:36 GMT-0700 (Pacific Daylight Time)",
      "file_md5": "458b893975e52f6cb35d9d7b8d9b2bb3",
      "file_name": "viscolor.txt",
      "id": 19,
      "is_directory": 0,
      "skin_md5": "a_fake_md5",
      "text_content": null,
      "uncompressed_size": null,
    },
  },
  Object {
    "row": Object {
      "file_date": "Sat Jul 17 1999 14:13:24 GMT-0700 (Pacific Daylight Time)",
      "file_md5": "dc770d401d56e758ba64b57dcf999186",
      "file_name": "volume.bmp",
      "id": 17,
      "is_directory": 0,
      "skin_md5": "a_fake_md5",
      "text_content": null,
      "uncompressed_size": null,
    },
  },
]
`;

exports[`valid skin (TopazAmp) 2`] = `null`;
